Ansys Lumerical 2024 R1 Variational FDTD Solver Version 7.23.3633 (Windows 64bit)
 expires (month/day/year): 12/31/2035
using config file: Ansys Licensing set with ANSYSLMD_LICENSE_FILE
license host: 1055@localhost
current time: 周三 11月 19 11:47:43 2025
Running on host: Thinkbook14
All processes are communicating and ready to proceed to simulation...
Running lms file: E:\Lumerical2024\Lumerical\v241\bin\varfdtd-engine-msmpi.exe -t 1 -remote -shared-solve-license QU5TWVNfTElDRU5TSU5HX0NPTlRFWFRfREFUQT08QU5TWVNfTElDRU5TSU5HX0NPTlRFWFRfREFUQT48SUQ+N2IzN2FjMTQtNmU5My00ZmIzLWI4OWUtOTk4ZWUwYzBiZjc5PC9JRD48VFlQRT5IUENfUEFSQU1FVFJJQzwvVFlQRT48TkFNRT5IUEMgUGFyYW1ldHJpYzwvTkFNRT48SEFORExFUj41Mjc5M0BUaGlua2Jvb2sxNDwvSEFORExFUj48L0FOU1lTX0xJQ0VOU0lOR19DT05URVhUX0RBVEE+Cg== E:/Lumercial_file(1)/MMI/mmi.lms
Starting meshing
Simulation size in gridpoints: 1 x 50 x 1
Refined 0 mesh cells (0%)
Completed meshing!
Meshing complete in 0 seconds of CPU time
Starting meshing
Simulation size in gridpoints: 1 x 50 x 1
Refined 0 mesh cells (0%)
Completed meshing!
Meshing complete in 0 seconds of CPU time
Starting meshing
Simulation size in gridpoints: 1 x 50 x 1
Refined 0 mesh cells (0%)
Completed meshing!
Meshing complete in 0.015625 seconds of CPU time
number of processors is 4
processors are distributed as: 4x1x1
Running TE Simulation
Starting meshing
Simulation size in gridpoints: 446 x 190 x 1
Refined 0 mesh cells (0%)
Completed meshing!
Meshing complete in 0.15625 seconds of CPU time
0 0
Starting meshing
Simulation size in gridpoints: 446 x 190 x 1
Refined 0 mesh cells (0%)
Completed meshing!
Meshing complete in 0.15625 seconds of CPU time
0 0
finished material properties
Selected kernel with optimization level: 0 and split-field propagation direction: 0
-----------------------------------------
Beginning initialization of TE Simulation
Starting to add sources to simulation
Adding TE Mode Source propagating in X
Starting to add boundary conditions to simulation
Adding TE PML BC
Adding TE parallel BC
Adding TE PML BC
Adding TE PML BC
Starting to add monitors to Simulation
Adding analysis monitor
Adding TE DFT monitor
Adding TE DFT monitor
Adding TE DFT monitor
Adding TE DFT monitor
Finished initialization of TE Simulation
-----------------------------------------
All processes are communicating and ready to proceed to simulation...
Starting 9621 total iterations
0% complete. Max time remaining: 7 secs. Auto Shutoff: 1
1% complete. Max time remaining: 6 secs. Auto Shutoff: 1
2% complete. Max time remaining: 6 secs. Auto Shutoff: 1
5% complete. Max time remaining: 6 secs. Auto Shutoff: 1
10% complete. Max time remaining: 5 secs. Auto Shutoff: 1
21% complete. Max time remaining: 4 secs. Auto Shutoff: 1
42% complete. Max time remaining: 3 secs. Auto Shutoff: 0.999693
64% complete. Max time remaining: 2 secs. Auto Shutoff: 0.999743
85% complete. Max time remaining: 1 secs. Auto Shutoff: 1.82786
100% complete. Max time remaining: 0 secs. Auto Shutoff: 0.233168
Completed 9621 iterations, or 1.00004e-12s of Simulation Time
Process 0 starting to collect data
    collecting monitor data
    collecting source data
Finished collecting data
84740

9621

5.38221

Simulation completed successfully at: 周三 11月 19 11:47:49 2025
Overall wall time measurements in seconds: 6.56501
    time to mesh and initialize: 0.353377
    time to run FDTD simulation: 5.38221
    time to finalize data and save to files: 0.0354203
    miscellaneous time: 0.793995
    FDTD solver speed on process 0: 151.478 Mnodes/s
    total FDTD solver speed on 4 processes: 605.91 Mnodes/s
